[site198437.nicepage.io/indexae0e.html]
[backblue.gif]
[fade.gif]
[index.html]
[capp.nicepage.com/78ed97b6f9844884a4814dd5f383bd67fc0eb163/nicepage.css]
[site198437.nicepage.io/Startseite.css]
[capp.nicepage.com/78ed97b6f9844884a4814dd5f383bd67fc0eb163/nicepage.js]
[site198437.nicepage.io/nicepage-site.css]
[capp.nicepage.com/assets/jquery-3.5.1.min.js]
[assets.nicepagecdn.com/307d2f2f/3648135/images/hudlogo.png]
[assets.nicepagecdn.com/307d2f2f/3648135/images/Regelwerk.png]
[assets.nicepagecdn.com/307d2f2f/3648135/images/Fraktionsregelwerk.png]
[site198437.nicepage.io/indexae0e.html]
[capp.nicepage.com/78ed97b6f9844884a4814dd5f383bd67fc0eb163/nicepage.css]
[site198437.nicepage.io/nicepage-site.css]
[assets.nicepagecdn.com/307d2f2f/3648135/images/backgroundohnelogo4.png]
[site198437.nicepage.io/Startseite.css]
[capp.nicepage.com/78ed97b6f9844884a4814dd5f383bd67fc0eb163/nicepage.js]
[site198437.nicepage.io/Content/BundledScripts/index.html]
[site198437.nicepage.io/ABCDEFGHIJKLMNOPQRSTUVWXYZabcdefghijklmnopqrstuvwxyz0123456789+/index.html]
[site198437.nicepage.io/Content/BundledScripts/index.html]
[site198437.nicepage.io/ABCDEFGHIJKLMNOPQRSTUVWXYZabcdefghijklmnopqrstuvwxyz0123456789+/index.html]
